// Jest Snapshot v1, https://goo.gl/fbAQLP

exports[`FormInput component renders correctly 1`] = `
<View
  accessibilityComponentType={undefined}
  accessibilityLabel={undefined}
  accessibilityTraits={undefined}
  accessible={true}
  hitSlop={undefined}
  isTVSelectable={true}
  onLayout={undefined}
  onResponderGrant={[Function]}
  onResponderMove={[Function]}
  onResponderRelease={[Function]}
  onResponderTerminate={[Function]}
  onResponderTerminationRequest={[Function]}
  onStartShouldSetResponder={[Function]}
  style={
    Object {
      "alignItems": "center",
      "backgroundColor": "transparent",
      "borderColor": "#D9D5DC",
      "borderLeftWidth": 0,
      "borderRightWidth": 0,
      "borderTopWidth": 0,
      "borderWidth": 1,
      "flexDirection": "row",
      "marginLeft": 2,
      "opacity": 1,
    }
  }
  testID={undefined}
  tvParallaxProperties={undefined}
>
  <View
    style={
      Object {
        "left": 15,
        "opacity": 1,
        "paddingBottom": undefined,
        "paddingTop": undefined,
        "position": "absolute",
        "right": 0,
        "top": 18,
      }
    }
  >
    <Text
      accessible={true}
      allowFontScaling={true}
      ellipsizeMode="tail"
      style={
        Object {
          "color": "#575757",
          "fontSize": 17,
          "paddingRight": 5,
          "top": 8,
        }
      }
      virtual={undefined}
    >
      <Text
        accessible={true}
        allowFontScaling={true}
        ellipsizeMode="tail"
        style={
          Object {
            "fontSize": 17,
          }
        }
        virtual={undefined}
      />
    </Text>
  </View>
  <TextInput
    autoCorrect={false}
    editable={true}
    onBlur={[Function]}
    onChangeText={[Function]}
    onFocus={[Function]}
    placeholderTextColor="#575757"
    secureTextEntry={undefined}
    style={
      Object {
        "color": "#000",
        "flex": 1,
        "fontSize": 17,
        "height": 60,
        "lineHeight": 24,
        "top": 8,
      }
    }
    underlineColorAndroid="rgba(0,0,0,0)"
    value={undefined}
    virtual={undefined}
  />
</View>
`;
